no errors yet to change